// Jest Snapshot v1, https://goo.gl/fbAQLP

exports[`SnapShot 1`] = `
<div>
  <h1>
    React SSR Sample
  </h1>
  <p>
    HMR is working fine!!
  </p>
  <button
    onClick={[Function]}
  >
    Hi!
  </button>
</div>
`;
